72.21.217.67 - - [05/Oct/2012:18:36:37 +0000] "POST /_hostmanager/tasks HTTP/1.0" 404 - "-" "AWS ElasticBeanstalk Health Check/1.0"
galaxy.web.framework DEBUG 2012-10-05 18:36:46,290 Error: this request returned None from get_history(): http://127.0.0.1:8080/
127.0.0.1 - - [05/Oct/2012:18:36:46 +0000] "GET / HTTP/1.1" 200 - "-" "Python-urllib/2.7"
72.21.217.64 - - [05/Oct/2012:18:37:36 +0000] "POST /_hostmanager/tasks HTTP/1.0" 404 - "-" "AWS ElasticBeanstalk Health Check/1.0"
galaxy.web.framework DEBUG 2012-10-05 18:37:49,146 Error: this request returned None from get_history(): http://127.0.0.1:8080/
127.0.0.1 - - [05/Oct/2012:18:37:49 +0000] "GET / HTTP/1.1" 200 - "-" "Python-urllib/2.7"
72.21.217.3 - - [05/Oct/2012:18:38:39 +0000] "POST /_hostmanager/tasks HTTP/1.0" 404 - "-" "AWS ElasticBeanstalk Health Check/1.0"
galaxy.web.framework DEBUG 2012-10-05 18:38:52,025 Error: this request returned None from get_history(): http://127.0.0.1:8080/
127.0.0.1 - - [05/Oct/2012:18:38:52 +0000] "GET / HTTP/1.1" 200 - "-" "Python-urllib/2.7"
192.207.234.194 - - [05/Oct/2012:18:39:08 +0000] "GET / HTTP/1.0" 200 - "http://ec2-184-73-28-95.compute-1.amazonaws.com/workflow" "Mozilla/5.0 (Macintosh; Intel Mac OS X 10_7_4) AppleWebKit/537.4 (KHTML, like Gecko) Chrome/22.0.1229.79 Safari/537.4"
192.207.234.194 - - [05/Oct/2012:18:39:08 +0000] "GET /root/tool_menu HTTP/1.0" 200 - "http://ec2-184-73-28-95.compute-1.amazonaws.com/" "Mozilla/5.0 (Macintosh; Intel Mac OS X 10_7_4) AppleWebKit/537.4 (KHTML, like Gecko) Chrome/22.0.1229.79 Safari/537.4"
192.207.234.194 - - [05/Oct/2012:18:39:08 +0000] "GET /history HTTP/1.0" 200 - "http://ec2-184-73-28-95.compute-1.amazonaws.com/" "Mozilla/5.0 (Macintosh; Intel Mac OS X 10_7_4) AppleWebKit/537.4 (KHTML, like Gecko) Chrome/22.0.1229.79 Safari/537.4"
192.207.234.194 - - [05/Oct/2012:18:39:09 +0000] "POST /root/user_get_usage HTTP/1.0" 200 - "http://ec2-184-73-28-95.compute-1.amazonaws.com/history" "Mozilla/5.0 (Macintosh; Intel Mac OS X 10_7_4) AppleWebKit/537.4 (KHTML, like Gecko) Chrome/22.0.1229.79 Safari/537.4"
72.21.217.64 - - [05/Oct/2012:18:39:44 +0000] "POST /_hostmanager/tasks HTTP/1.0" 404 - "-" "AWS ElasticBeanstalk Health Check/1.0"
galaxy.web.framework DEBUG 2012-10-05 18:39:54,702 Error: this request returned None from get_history(): http://127.0.0.1:8080/
127.0.0.1 - - [05/Oct/2012:18:39:54 +0000] "GET / HTTP/1.1" 200 - "-" "Python-urllib/2.7"
192.207.234.194 - - [05/Oct/2012:18:40:05 +0000] "GET /tool_runner?tool_id=upload1 HTTP/1.0" 200 - "http://ec2-184-73-28-95.compute-1.amazonaws.com/root/tool_menu" "Mozilla/5.0 (Macintosh; Intel Mac OS X 10_7_4) AppleWebKit/537.4 (KHTML, like Gecko) Chrome/22.0.1229.79 Safari/537.4"
72.21.217.65 - - [05/Oct/2012:18:40:47 +0000] "POST /_hostmanager/tasks HTTP/1.0" 404 - "-" "AWS ElasticBeanstalk Health Check/1.0"
galaxy.web.framework DEBUG 2012-10-05 18:40:56,671 Error: this request returned None from get_history(): http://127.0.0.1:8080/
127.0.0.1 - - [05/Oct/2012:18:40:56 +0000] "GET / HTTP/1.1" 200 - "-" "Python-urllib/2.7"
----------------------------------------
Exception happened during processing of request from ('127.0.0.1', 59678)
Traceback (most recent call last):
  File "/mnt/galaxyTools/galaxy-central/eggs/Paste-1.6-py2.7.egg/paste/httpserver.py", line 1053, in process_request_in_thread
    self.finish_request(request, client_address)
  File "/usr/lib/python2.7/SocketServer.py", line 323, in finish_request
    self.RequestHandlerClass(request, client_address, self)
  File "/usr/lib/python2.7/SocketServer.py", line 640, in __init__
    self.finish()
  File "/usr/lib/python2.7/SocketServer.py", line 693, in finish
    self.wfile.flush()
  File "/usr/lib/python2.7/socket.py", line 303, in flush
    self._sock.sendall(view[write_offset:write_offset+buffer_size])
error: [Errno 32] Broken pipe
----------------------------------------
72.21.217.3 - - [05/Oct/2012:18:41:53 +0000] "POST /_hostmanager/tasks HTTP/1.0" 404 - "-" "AWS ElasticBeanstalk Health Check/1.0"
galaxy.web.framework DEBUG 2012-10-05 18:41:59,611 Error: this request returned None from get_history(): http://127.0.0.1:8080/
127.0.0.1 - - [05/Oct/2012:18:41:59 +0000] "GET / HTTP/1.1" 200 - "-" "Python-urllib/2.7"
192.207.234.194 - - [05/Oct/2012:18:42:55 +0000] "GET /history?show_deleted=False HTTP/1.0" 200 - "http://ec2-184-73-28-95.compute-1.amazonaws.com/history" "Mozilla/5.0 (Macintosh; Intel Mac OS X 10_7_4) AppleWebKit/537.4 (KHTML, like Gecko) Chrome/22.0.1229.79 Safari/537.4"
192.207.234.194 - - [05/Oct/2012:18:42:55 +0000] "POST /root/user_get_usage HTTP/1.0" 200 - "http://ec2-184-73-28-95.compute-1.amazonaws.com/history?show_deleted=False" "Mozilla/5.0 (Macintosh; Intel Mac OS X 10_7_4) AppleWebKit/537.4 (KHTML, like Gecko) Chrome/22.0.1229.79 Safari/537.4"
192.207.234.194 - - [05/Oct/2012:18:42:56 +0000] "GET /history?show_deleted=False HTTP/1.0" 200 - "http://ec2-184-73-28-95.compute-1.amazonaws.com/history?show_deleted=False" "Mozilla/5.0 (Macintosh; Intel Mac OS X 10_7_4) AppleWebKit/537.4 (KHTML, like Gecko) Chrome/22.0.1229.79 Safari/537.4"
192.207.234.194 - - [05/Oct/2012:18:42:56 +0000] "POST /root/user_get_usage HTTP/1.0" 200 - "http://ec2-184-73-28-95.compute-1.amazonaws.com/history?show_deleted=False" "Mozilla/5.0 (Macintosh; Intel Mac OS X 10_7_4) AppleWebKit/537.4 (KHTML, like Gecko) Chrome/22.0.1229.79 Safari/537.4"
72.21.217.96 - - [05/Oct/2012:18:43:00 +0000] "POST /_hostmanager/tasks HTTP/1.0" 404 - "-" "AWS ElasticBeanstalk Health Check/1.0"
galaxy.web.framework DEBUG 2012-10-05 18:43:03,058 Error: this request returned None from get_history(): http://127.0.0.1:8080/
127.0.0.1 - - [05/Oct/2012:18:43:03 +0000] "GET / HTTP/1.1" 200 - "-" "Python-urllib/2.7"
galaxy.web.framework DEBUG 2012-10-05 18:43:09,843 Error: this request returned None from get_history(): http://ec2-184-73-28-95.compute-1.amazonaws.com/user/logout
192.207.234.194 - - [05/Oct/2012:18:43:09 +0000] "GET /user/logout?webapp=galaxy HTTP/1.0" 200 - "http://ec2-184-73-28-95.compute-1.amazonaws.com/" "Mozilla/5.0 (Macintosh; Intel Mac OS X 10_7_4) AppleWebKit/537.4 (KHTML, like Gecko) Chrome/22.0.1229.79 Safari/537.4"
galaxy.web.framework DEBUG 2012-10-05 18:43:14,265 Error: this request returned None from get_history(): http://ec2-184-73-28-95.compute-1.amazonaws.com/user/login
192.207.234.194 - - [05/Oct/2012:18:43:14 +0000] "GET /user/login?use_panels=True HTTP/1.0" 200 - "http://ec2-184-73-28-95.compute-1.amazonaws.com/user/logout?webapp=galaxy" "Mozilla/5.0 (Macintosh; Intel Mac OS X 10_7_4) AppleWebKit/537.4 (KHTML, like Gecko) Chrome/22.0.1229.79 Safari/537.4"
galaxy.web.framework DEBUG 2012-10-05 18:43:26,938 Error: this request returned None from get_history(): http://ec2-184-73-28-95.compute-1.amazonaws.com/
192.207.234.194 - - [05/Oct/2012:18:43:26 +0000] "GET / HTTP/1.0" 200 - "http://ec2-184-73-28-95.compute-1.amazonaws.com/user/login?use_panels=True" "Mozilla/5.0 (Macintosh; Intel Mac OS X 10_7_4) AppleWebKit/537.4 (KHTML, like Gecko) Chrome/22.0.1229.79 Safari/537.4"
192.207.234.194 - - [05/Oct/2012:18:43:27 +0000] "GET /root/tool_menu HTTP/1.0" 200 - "http://ec2-184-73-28-95.compute-1.amazonaws.com/" "Mozilla/5.0 (Macintosh; Intel Mac OS X 10_7_4) AppleWebKit/537.4 (KHTML, like Gecko) Chrome/22.0.1229.79 Safari/537.4"
192.207.234.194 - - [05/Oct/2012:18:43:27 +0000] "GET /history HTTP/1.0" 200 - "http://ec2-184-73-28-95.compute-1.amazonaws.com/" "Mozilla/5.0 (Macintosh; Intel Mac OS X 10_7_4) AppleWebKit/537.4 (KHTML, like Gecko) Chrome/22.0.1229.79 Safari/537.4"
192.207.234.194 - - [05/Oct/2012:18:43:27 +0000] "POST /root/user_get_usage HTTP/1.0" 200 - "http://ec2-184-73-28-95.compute-1.amazonaws.com/history" "Mozilla/5.0 (Macintosh; Intel Mac OS X 10_7_4) AppleWebKit/537.4 (KHTML, like Gecko) Chrome/22.0.1229.79 Safari/537.4"
192.207.234.194 - - [05/Oct/2012:18:43:30 +0000] "GET /tool_runner?tool_id=upload1 HTTP/1.0" 200 - "http://ec2-184-73-28-95.compute-1.amazonaws.com/root/tool_menu" "Mozilla/5.0 (Macintosh; Intel Mac OS X 10_7_4) AppleWebKit/537.4 (KHTML, like Gecko) Chrome/22.0.1229.79 Safari/537.4"
192.207.234.194 - - [05/Oct/2012:18:43:32 +0000] "GET /user/login?cntrller=user&referer=%2Froot HTTP/1.0" 200 - "http://ec2-184-73-28-95.compute-1.amazonaws.com/tool_runner?tool_id=upload1" "Mozilla/5.0 (Macintosh; Intel Mac OS X 10_7_4) AppleWebKit/537.4 (KHTML, like Gecko) Chrome/22.0.1229.79 Safari/537.4"
192.207.234.194 - - [05/Oct/2012:18:43:43 +0000] "POST /user/login?use_panels=False HTTP/1.0" 200 - "http://ec2-184-73-28-95.compute-1.amazonaws.com/user/login?cntrller=user&referer=%2Froot" "Mozilla/5.0 (Macintosh; Intel Mac OS X 10_7_4) AppleWebKit/537.4 (KHTML, like Gecko) Chrome/22.0.1229.79 Safari/537.4"
192.207.234.194 - - [05/Oct/2012:18:43:43 +0000] "GET /tool_runner?tool_id=upload1 HTTP/1.0" 200 - "http://ec2-184-73-28-95.compute-1.amazonaws.com/user/login?use_panels=False" "Mozilla/5.0 (Macintosh; Intel Mac OS X 10_7_4) AppleWebKit/537.4 (KHTML, like Gecko) Chrome/22.0.1229.79 Safari/537.4"
192.207.234.194 - - [05/Oct/2012:18:44:03 +0000] "GET / HTTP/1.0" 200 - "-" "Mozilla/5.0 (Macintosh; Intel Mac OS X 10_7_4) AppleWebKit/537.4 (KHTML, like Gecko) Chrome/22.0.1229.79 Safari/537.4"
192.207.234.194 - - [05/Oct/2012:18:44:04 +0000] "GET /root/tool_menu HTTP/1.0" 200 - "http://ec2-184-73-28-95.compute-1.amazonaws.com/" "Mozilla/5.0 (Macintosh; Intel Mac OS X 10_7_4) AppleWebKit/537.4 (KHTML, like Gecko) Chrome/22.0.1229.79 Safari/537.4"
192.207.234.194 - - [05/Oct/2012:18:44:04 +0000] "GET /history HTTP/1.0" 200 - "http://ec2-184-73-28-95.compute-1.amazonaws.com/" "Mozilla/5.0 (Macintosh; Intel Mac OS X 10_7_4) AppleWebKit/537.4 (KHTML, like Gecko) Chrome/22.0.1229.79 Safari/537.4"
192.207.234.194 - - [05/Oct/2012:18:44:04 +0000] "POST /root/user_get_usage HTTP/1.0" 200 - "http://ec2-184-73-28-95.compute-1.amazonaws.com/history" "Mozilla/5.0 (Macintosh; Intel Mac OS X 10_7_4) AppleWebKit/537.4 (KHTML, like Gecko) Chrome/22.0.1229.79 Safari/537.4"
72.21.217.3 - - [05/Oct/2012:18:44:04 +0000] "POST /_hostmanager/tasks HTTP/1.0" 404 - "-" "AWS ElasticBeanstalk Health Check/1.0"
galaxy.web.framework DEBUG 2012-10-05 18:44:06,571 Error: this request returned None from get_history(): http://127.0.0.1:8080/
127.0.0.1 - - [05/Oct/2012:18:44:06 +0000] "GET / HTTP/1.1" 200 - "-" "Python-urllib/2.7"
192.207.234.194 - - [05/Oct/2012:18:44:17 +0000] "GET /dataset/copy_datasets HTTP/1.0" 200 - "http://ec2-184-73-28-95.compute-1.amazonaws.com/" "Mozilla/5.0 (Macintosh; Intel Mac OS X 10_7_4) AppleWebKit/537.4 (KHTML, like Gecko) Chrome/22.0.1229.79 Safari/537.4"
192.207.234.194 - - [05/Oct/2012:18:44:22 +0000] "GET /tool_runner?tool_id=upload1 HTTP/1.0" 200 - "http://ec2-184-73-28-95.compute-1.amazonaws.com/root/tool_menu" "Mozilla/5.0 (Macintosh; Intel Mac OS X 10_7_4) AppleWebKit/537.4 (KHTML, like Gecko) Chrome/22.0.1229.79 Safari/537.4"
galaxy.web.framework DEBUG 2012-10-05 18:45:09,438 Error: this request returned None from get_history(): http://127.0.0.1:8080/
127.0.0.1 - - [05/Oct/2012:18:45:09 +0000] "GET / HTTP/1.1" 200 - "-" "Python-urllib/2.7"
72.21.217.98 - - [05/Oct/2012:18:45:10 +0000] "POST /_hostmanager/tasks HTTP/1.0" 404 - "-" "AWS ElasticBeanstalk Health Check/1.0"
galaxy.tools.actions.upload_common INFO 2012-10-05 18:45:35,839 tool upload1 created job id 1
192.207.234.194 - - [05/Oct/2012:18:45:35 +0000] "POST /tool_runner/index HTTP/1.0" 200 - "http://ec2-184-73-28-95.compute-1.amazonaws.com/tool_runner?tool_id=upload1" "Mozilla/5.0 (Macintosh; Intel Mac OS X 10_7_4) AppleWebKit/537.4 (KHTML, like Gecko) Chrome/22.0.1229.79 Safari/537.4"
galaxy.jobs.manager DEBUG 2012-10-05 18:45:35,946 (1) Job assigned to handler 'main'
192.207.234.194 - - [05/Oct/2012:18:45:35 +0000] "GET /history HTTP/1.0" 200 - "http://ec2-184-73-28-95.compute-1.amazonaws.com/tool_runner/index" "Mozilla/5.0 (Macintosh; Intel Mac OS X 10_7_4) AppleWebKit/537.4 (KHTML, like Gecko) Chrome/22.0.1229.79 Safari/537.4"
192.207.234.194 - - [05/Oct/2012:18:45:36 +0000] "POST /root/user_get_usage HTTP/1.0" 200 - "http://ec2-184-73-28-95.compute-1.amazonaws.com/history" "Mozilla/5.0 (Macintosh; Intel Mac OS X 10_7_4) AppleWebKit/537.4 (KHTML, like Gecko) Chrome/22.0.1229.79 Safari/537.4"
192.207.234.194 - - [05/Oct/2012:18:45:40 +0000] "POST /root/history_item_updates HTTP/1.0" 200 - "http://ec2-184-73-28-95.compute-1.amazonaws.com/history" "Mozilla/5.0 (Macintosh; Intel Mac OS X 10_7_4) AppleWebKit/537.4 (KHTML, like Gecko) Chrome/22.0.1229.79 Safari/537.4"
192.207.234.194 - - [05/Oct/2012:18:45:40 +0000] "GET /tool_runner?tool_id=upload1 HTTP/1.0" 200 - "http://ec2-184-73-28-95.compute-1.amazonaws.com/root/tool_menu" "Mozilla/5.0 (Macintosh; Intel Mac OS X 10_7_4) AppleWebKit/537.4 (KHTML, like Gecko) Chrome/22.0.1229.79 Safari/537.4"
galaxy.jobs DEBUG 2012-10-05 18:45:41,016 (1) Working directory for job is: /mnt/galaxyData/tmp/job_working_directory/000/1
galaxy.jobs.handler DEBUG 2012-10-05 18:45:41,016 dispatching job 1 to local runner
galaxy.jobs.handler INFO 2012-10-05 18:45:41,085 (1) Job dispatched
galaxy.tools DEBUG 2012-10-05 18:45:41,230 Dependency samtools
galaxy.jobs.runners.local DEBUG 2012-10-05 18:45:41,246 executing: PACKAGE_BASE=/mnt/galaxyTools/tools/samtools/0.1.12; export PACKAGE_BASE; . /mnt/galaxyTools/tools/samtools/0.1.12/env.sh; python /mnt/galaxyTools/galaxy-central/tools/data_source/upload.py /mnt/galaxyTools/galaxy-central /mnt/galaxyData/tmp/tmphYOQg1 /mnt/galaxyData/tmp/tmpAaBqZp         1:/mnt/galaxyData/tmp/job_working_directory/000/1/dataset_1_files:/mnt/galaxyData/files/000/dataset_1.dat
galaxy.jobs.runners.local DEBUG 2012-10-05 18:45:42,957 execution finished: PACKAGE_BASE=/mnt/galaxyTools/tools/samtools/0.1.12; export PACKAGE_BASE; . /mnt/galaxyTools/tools/samtools/0.1.12/env.sh; python /mnt/galaxyTools/galaxy-central/tools/data_source/upload.py /mnt/galaxyTools/galaxy-central /mnt/galaxyData/tmp/tmphYOQg1 /mnt/galaxyData/tmp/tmpAaBqZp         1:/mnt/galaxyData/tmp/job_working_directory/000/1/dataset_1_files:/mnt/galaxyData/files/000/dataset_1.dat
galaxy.jobs.runners.local DEBUG 2012-10-05 18:45:43,088 executing external set_meta script for job 1: /mnt/galaxyTools/galaxy-central/set_metadata.sh /mnt/galaxyData/files /mnt/galaxyData/tmp/job_working_directory/000/1 . /mnt/galaxyTools/galaxy-central/universe_wsgi.ini /mnt/galaxyData/tmp/tmphYOQg1 /mnt/galaxyData/tmp/job_working_directory/000/1/galaxy.json /mnt/galaxyData/tmp/job_working_directory/000/1/metadata_in_HistoryDatasetAssociation_1_D3gWQk,/mnt/galaxyData/tmp/job_working_directory/000/1/metadata_kwds_HistoryDatasetAssociation_1_9pxIVy,/mnt/galaxyData/tmp/job_working_directory/000/1/metadata_out_HistoryDatasetAssociation_1_TezEFA,/mnt/galaxyData/tmp/job_working_directory/000/1/metadata_results_HistoryDatasetAssociation_1_LIL5I5,,/mnt/galaxyData/tmp/job_working_directory/000/1/metadata_override_HistoryDatasetAssociation_1_yhC1ww
192.207.234.194 - - [05/Oct/2012:18:45:44 +0000] "POST /root/history_item_updates HTTP/1.0" 200 - "http://ec2-184-73-28-95.compute-1.amazonaws.com/history" "Mozilla/5.0 (Macintosh; Intel Mac OS X 10_7_4) AppleWebKit/537.4 (KHTML, like Gecko) Chrome/22.0.1229.79 Safari/537.4"
galaxy.jobs.runners.local DEBUG 2012-10-05 18:45:45,444 execution of external set_meta for job 1 finished
galaxy.datatypes.metadata DEBUG 2012-10-05 18:45:45,617 loading metadata from file for: HistoryDatasetAssociation 1
galaxy.jobs DEBUG 2012-10-05 18:45:45,855 job 1 ended
galaxy.datatypes.metadata DEBUG 2012-10-05 18:45:45,856 Cleaning up external metadata files
192.207.234.194 - - [05/Oct/2012:18:45:48 +0000] "POST /root/history_item_updates HTTP/1.0" 200 - "http://ec2-184-73-28-95.compute-1.amazonaws.com/history" "Mozilla/5.0 (Macintosh; Intel Mac OS X 10_7_4) AppleWebKit/537.4 (KHTML, like Gecko) Chrome/22.0.1229.79 Safari/537.4"
192.207.234.194 - - [05/Oct/2012:18:45:48 +0000] "POST /root/history_get_disk_size HTTP/1.0" 200 - "http://ec2-184-73-28-95.compute-1.amazonaws.com/history" "Mozilla/5.0 (Macintosh; Intel Mac OS X 10_7_4) AppleWebKit/537.4 (KHTML, like Gecko) Chrome/22.0.1229.79 Safari/537.4"
72.21.217.97 - - [05/Oct/2012:18:46:06 +0000] "POST /_hostmanager/tasks HTTP/1.0" 404 - "-" "AWS ElasticBeanstalk Health Check/1.0"
galaxy.web.framework DEBUG 2012-10-05 18:46:12,427 Error: this request returned None from get_history(): http://127.0.0.1:8080/
127.0.0.1 - - [05/Oct/2012:18:46:12 +0000] "GET / HTTP/1.1" 200 - "-" "Python-urllib/2.7"
72.21.217.3 - - [05/Oct/2012:18:47:07 +0000] "POST /_hostmanager/tasks HTTP/1.0" 404 - "-" "AWS ElasticBeanstalk Health Check/1.0"
galaxy.web.framework DEBUG 2012-10-05 18:47:15,210 Error: this request returned None from get_history(): http://127.0.0.1:8080/
127.0.0.1 - - [05/Oct/2012:18:47:15 +0000] "GET / HTTP/1.1" 200 - "-" "Python-urllib/2.7"
----------------------------------------
Exception happened during processing of request from ('127.0.0.1', 59778)
Traceback (most recent call last):
  File "/mnt/galaxyTools/galaxy-central/eggs/Paste-1.6-py2.7.egg/paste/httpserver.py", line 1053, in process_request_in_thread
    self.finish_request(request, client_address)
  File "/usr/lib/python2.7/SocketServer.py", line 323, in finish_request
    self.RequestHandlerClass(request, client_address, self)
  File "/usr/lib/python2.7/SocketServer.py", line 640, in __init__
    self.finish()
  File "/usr/lib/python2.7/SocketServer.py", line 693, in finish
    self.wfile.flush()
  File "/usr/lib/python2.7/socket.py", line 303, in flush
    self._sock.sendall(view[write_offset:write_offset+buffer_size])
error: [Errno 32] Broken pipe
----------------------------------------
72.21.217.64 - - [05/Oct/2012:18:48:11 +0000] "POST /_hostmanager/tasks HTTP/1.0" 404 - "-" "AWS ElasticBeanstalk Health Check/1.0"
galaxy.web.framework DEBUG 2012-10-05 18:48:17,414 Error: this request returned None from get_history(): http://127.0.0.1:8080/
127.0.0.1 - - [05/Oct/2012:18:48:17 +0000] "GET / HTTP/1.1" 200 - "-" "Python-urllib/2.7"
----------------------------------------
Exception happened during processing of request from ('127.0.0.1', 59790)
Traceback (most recent call last):
  File "/mnt/galaxyTools/galaxy-central/eggs/Paste-1.6-py2.7.egg/paste/httpserver.py", line 1053, in process_request_in_thread
    self.finish_request(request, client_address)
  File "/usr/lib/python2.7/SocketServer.py", line 323, in finish_request
    self.RequestHandlerClass(request, client_address, self)
  File "/usr/lib/python2.7/SocketServer.py", line 640, in __init__
    self.finish()
  File "/usr/lib/python2.7/SocketServer.py", line 693, in finish
    self.wfile.flush()
  File "/usr/lib/python2.7/socket.py", line 303, in flush
    self._sock.sendall(view[write_offset:write_offset+buffer_size])
error: [Errno 32] Broken pipe
----------------------------------------
72.21.217.65 - - [05/Oct/2012:18:49:16 +0000] "POST /_hostmanager/tasks HTTP/1.0" 404 - "-" "AWS ElasticBeanstalk Health Check/1.0"
galaxy.web.framework DEBUG 2012-10-05 18:49:20,232 Error: this request returned None from get_history(): http://127.0.0.1:8080/
127.0.0.1 - - [05/Oct/2012:18:49:20 +0000] "GET / HTTP/1.1" 200 - "-" "Python-urllib/2.7"
72.21.217.96 - - [05/Oct/2012:18:50:20 +0000] "POST /_hostmanager/tasks HTTP/1.0" 404 - "-" "AWS ElasticBeanstalk Health Check/1.0"
galaxy.web.framework DEBUG 2012-10-05 18:50:23,564 Error: this request returned None from get_history(): http://127.0.0.1:8080/
127.0.0.1 - - [05/Oct/2012:18:50:23 +0000] "GET / HTTP/1.1" 200 - "-" "Python-urllib/2.7"
72.21.217.96 - - [05/Oct/2012:18:51:24 +0000] "POST /_hostmanager/tasks HTTP/1.0" 404 - "-" "AWS ElasticBeanstalk Health Check/1.0"
galaxy.web.framework DEBUG 2012-10-05 18:51:26,504 Error: this request returned None from get_history(): http://127.0.0.1:8080/
127.0.0.1 - - [05/Oct/2012:18:51:26 +0000] "GET / HTTP/1.1" 200 - "-" "Python-urllib/2.7"
galaxy.web.framework DEBUG 2012-10-05 18:52:29,480 Error: this request returned None from get_history(): http://127.0.0.1:8080/
127.0.0.1 - - [05/Oct/2012:18:52:29 +0000] "GET / HTTP/1.1" 200 - "-" "Python-urllib/2.7"
72.21.217.2 - - [05/Oct/2012:18:52:30 +0000] "POST /_hostmanager/tasks HTTP/1.0" 404 - "-" "AWS ElasticBeanstalk Health Check/1.0"
192.207.234.194 - - [05/Oct/2012:18:53:30 +0000] "GET /tool_runner?tool_id=velvetg HTTP/1.0" 200 - "http://ec2-184-73-28-95.compute-1.amazonaws.com/root/tool_menu" "Mozilla/5.0 (Macintosh; Intel Mac OS X 10_7_4) AppleWebKit/537.4 (KHTML, like Gecko) Chrome/22.0.1229.79 Safari/537.4"
galaxy.web.framework DEBUG 2012-10-05 18:53:32,573 Error: this request returned None from get_history(): http://127.0.0.1:8080/
127.0.0.1 - - [05/Oct/2012:18:53:32 +0000] "GET / HTTP/1.1" 200 - "-" "Python-urllib/2.7"
72.21.217.97 - - [05/Oct/2012:18:53:38 +0000] "POST /_hostmanager/tasks HTTP/1.0" 404 - "-" "AWS ElasticBeanstalk Health Check/1.0"
192.207.234.194 - - [05/Oct/2012:18:53:52 +0000] "GET /tool_runner?tool_id=ncbi_blastn_wrapper HTTP/1.0" 200 - "http://ec2-184-73-28-95.compute-1.amazonaws.com/root/tool_menu" "Mozilla/5.0 (Macintosh; Intel Mac OS X 10_7_4) AppleWebKit/537.4 (KHTML, like Gecko) Chrome/22.0.1229.79 Safari/537.4"
galaxy.web.framework DEBUG 2012-10-05 18:54:35,089 Error: this request returned None from get_history(): http://127.0.0.1:8080/
127.0.0.1 - - [05/Oct/2012:18:54:35 +0000] "GET / HTTP/1.1" 200 - "-" "Python-urllib/2.7"
192.207.234.194 - - [05/Oct/2012:18:54:36 +0000] "GET /tool_runner?tool_id=ncbi_blastn_wrapper HTTP/1.0" 200 - "http://ec2-184-73-28-95.compute-1.amazonaws.com/root/tool_menu" "Mozilla/5.0 (Macintosh; Intel Mac OS X 10_7_4) AppleWebKit/537.4 (KHTML, like Gecko) Chrome/22.0.1229.79 Safari/537.4"
192.207.234.194 - - [05/Oct/2012:18:54:36 +0000] "GET /root/tool_menu HTTP/1.0" 200 - "http://ec2-184-73-28-95.compute-1.amazonaws.com/" "Mozilla/5.0 (Macintosh; Intel Mac OS X 10_7_4) AppleWebKit/537.4 (KHTML, like Gecko) Chrome/22.0.1229.79 Safari/537.4"
192.207.234.194 - - [05/Oct/2012:18:54:36 +0000] "GET /history HTTP/1.0" 200 - "http://ec2-184-73-28-95.compute-1.amazonaws.com/tool_runner/index" "Mozilla/5.0 (Macintosh; Intel Mac OS X 10_7_4) AppleWebKit/537.4 (KHTML, like Gecko) Chrome/22.0.1229.79 Safari/537.4"
72.21.217.96 - - [05/Oct/2012:18:54:50 +0000] "POST /_hostmanager/tasks HTTP/1.0" 404 - "-" "AWS ElasticBeanstalk Health Check/1.0"
galaxy.web.framework DEBUG 2012-10-05 18:55:37,692 Error: this request returned None from get_history(): http://127.0.0.1:8080/
127.0.0.1 - - [05/Oct/2012:18:55:37 +0000] "GET / HTTP/1.1" 200 - "-" "Python-urllib/2.7"
72.21.217.97 - - [05/Oct/2012:18:55:57 +0000] "POST /_hostmanager/tasks HTTP/1.0" 404 - "-" "AWS ElasticBeanstalk Health Check/1.0"
galaxy.web.framework DEBUG 2012-10-05 18:56:40,336 Error: this request returned None from get_history(): http://127.0.0.1:8080/
127.0.0.1 - - [05/Oct/2012:18:56:40 +0000] "GET / HTTP/1.1" 200 - "-" "Python-urllib/2.7"
72.21.217.2 - - [05/Oct/2012:18:57:02 +0000] "POST /_hostmanager/tasks HTTP/1.0" 404 - "-" "AWS ElasticBeanstalk Health Check/1.0"
galaxy.web.framework DEBUG 2012-10-05 18:57:43,373 Error: this request returned None from get_history(): http://127.0.0.1:8080/
127.0.0.1 - - [05/Oct/2012:18:57:43 +0000] "GET / HTTP/1.1" 200 - "-" "Python-urllib/2.7"
72.21.217.98 - - [05/Oct/2012:18:58:08 +0000] "POST /_hostmanager/tasks HTTP/1.0" 404 - "-" "AWS ElasticBeanstalk Health Check/1.0"
192.207.234.194 - - [05/Oct/2012:18:58:37 +0000] "GET /tool_runner?tool_id=cshl_fastx_nucleotides_distribution HTTP/1.0" 200 - "http://ec2-184-73-28-95.compute-1.amazonaws.com/root/tool_menu" "Mozilla/5.0 (Macintosh; Intel Mac OS X 10_7_4) AppleWebKit/537.4 (KHTML, like Gecko) Chrome/22.0.1229.79 Safari/537.4"
galaxy.web.framework DEBUG 2012-10-05 18:58:46,445 Error: this request returned None from get_history(): http://127.0.0.1:8080/
127.0.0.1 - - [05/Oct/2012:18:58:46 +0000] "GET / HTTP/1.1" 200 - "-" "Python-urllib/2.7"
72.21.217.64 - - [05/Oct/2012:18:59:12 +0000] "POST /_hostmanager/tasks HTTP/1.0" 404 - "-" "AWS ElasticBeanstalk Health Check/1.0"
galaxy.web.framework DEBUG 2012-10-05 18:59:49,534 Error: this request returned None from get_history(): http://127.0.0.1:8080/
127.0.0.1 - - [05/Oct/2012:18:59:49 +0000] "GET / HTTP/1.1" 200 - "-" "Python-urllib/2.7"
72.21.217.3 - - [05/Oct/2012:19:00:17 +0000] "POST /_hostmanager/tasks HTTP/1.0" 404 - "-" "AWS ElasticBeanstalk Health Check/1.0"
galaxy.web.framework DEBUG 2012-10-05 19:00:52,681 Error: this request returned None from get_history(): http://127.0.0.1:8080/
127.0.0.1 - - [05/Oct/2012:19:00:52 +0000] "GET / HTTP/1.1" 200 - "-" "Python-urllib/2.7"
72.21.217.2 - - [05/Oct/2012:19:01:22 +0000] "POST /_hostmanager/tasks HTTP/1.0" 404 - "-" "AWS ElasticBeanstalk Health Check/1.0"
galaxy.web.framework DEBUG 2012-10-05 19:01:56,026 Error: this request returned None from get_history(): http://127.0.0.1:8080/
127.0.0.1 - - [05/Oct/2012:19:01:55 +0000] "GET / HTTP/1.1" 200 - "-" "Python-urllib/2.7"
----------------------------------------
Exception happened during processing of request from ('127.0.0.1', 59950)
Traceback (most recent call last):
  File "/mnt/galaxyTools/galaxy-central/eggs/Paste-1.6-py2.7.egg/paste/httpserver.py", line 1053, in process_request_in_thread
    self.finish_request(request, client_address)
  File "/usr/lib/python2.7/SocketServer.py", line 323, in finish_request
    self.RequestHandlerClass(request, client_address, self)
  File "/usr/lib/python2.7/SocketServer.py", line 640, in __init__
    self.finish()
  File "/usr/lib/python2.7/SocketServer.py", line 693, in finish
    self.wfile.flush()
  File "/usr/lib/python2.7/socket.py", line 303, in flush
    self._sock.sendall(view[write_offset:write_offset+buffer_size])
error: [Errno 32] Broken pipe
----------------------------------------
72.21.217.97 - - [05/Oct/2012:19:02:29 +0000] "POST /_hostmanager/tasks HTTP/1.0" 404 - "-" "AWS ElasticBeanstalk Health Check/1.0"
galaxy.web.framework DEBUG 2012-10-05 19:02:58,601 Error: this request returned None from get_history(): http://127.0.0.1:8080/
127.0.0.1 - - [05/Oct/2012:19:02:58 +0000] "GET / HTTP/1.1" 200 - "-" "Python-urllib/2.7"
----------------------------------------
Exception happened during processing of request from ('127.0.0.1', 59962)
Traceback (most recent call last):
  File "/mnt/galaxyTools/galaxy-central/eggs/Paste-1.6-py2.7.egg/paste/httpserver.py", line 1053, in process_request_in_thread
    self.finish_request(request, client_address)
  File "/usr/lib/python2.7/SocketServer.py", line 323, in finish_request
    self.RequestHandlerClass(request, client_address, self)
  File "/usr/lib/python2.7/SocketServer.py", line 640, in __init__
    self.finish()
  File "/usr/lib/python2.7/SocketServer.py", line 693, in finish
    self.wfile.flush()
  File "/usr/lib/python2.7/socket.py", line 303, in flush
    self._sock.sendall(view[write_offset:write_offset+buffer_size])
error: [Errno 32] Broken pipe
----------------------------------------
72.21.217.97 - - [05/Oct/2012:19:03:32 +0000] "POST /_hostmanager/tasks HTTP/1.0" 404 - "-" "AWS ElasticBeanstalk Health Check/1.0"
galaxy.web.framework DEBUG 2012-10-05 19:04:01,332 Error: this request returned None from get_history(): http://127.0.0.1:8080/
127.0.0.1 - - [05/Oct/2012:19:04:01 +0000] "GET / HTTP/1.1" 200 - "-" "Python-urllib/2.7"
----------------------------------------
Exception happened during processing of request from ('127.0.0.1', 59974)
Traceback (most recent call last):
  File "/mnt/galaxyTools/galaxy-central/eggs/Paste-1.6-py2.7.egg/paste/httpserver.py", line 1053, in process_request_in_thread
    self.finish_request(request, client_address)
  File "/usr/lib/python2.7/SocketServer.py", line 323, in finish_request
    self.RequestHandlerClass(request, client_address, self)
  File "/usr/lib/python2.7/SocketServer.py", line 640, in __init__
    self.finish()
  File "/usr/lib/python2.7/SocketServer.py", line 693, in finish
    self.wfile.flush()
  File "/usr/lib/python2.7/socket.py", line 303, in flush
    self._sock.sendall(view[write_offset:write_offset+buffer_size])
error: [Errno 32] Broken pipe
----------------------------------------
72.21.217.67 - - [05/Oct/2012:19:04:38 +0000] "POST /_hostmanager/tasks HTTP/1.0" 404 - "-" "AWS ElasticBeanstalk Health Check/1.0"
192.207.234.194 - - [05/Oct/2012:19:04:49 +0000] "GET /tool_runner?tool_id=upload1 HTTP/1.0" 200 - "http://ec2-184-73-28-95.compute-1.amazonaws.com/root/tool_menu" "Mozilla/5.0 (Macintosh; Intel Mac OS X 10_7_4) AppleWebKit/537.4 (KHTML, like Gecko) Chrome/22.0.1229.79 Safari/537.4"
192.207.234.194 - - [05/Oct/2012:19:04:50 +0000] "GET /tool_runner?tool_id=upload1 HTTP/1.0" 200 - "http://ec2-184-73-28-95.compute-1.amazonaws.com/root/tool_menu" "Mozilla/5.0 (Macintosh; Intel Mac OS X 10_7_4) AppleWebKit/537.4 (KHTML, like Gecko) Chrome/22.0.1229.79 Safari/537.4"
galaxy.web.framework DEBUG 2012-10-05 19:05:04,410 Error: this request returned None from get_history(): http://127.0.0.1:8080/
127.0.0.1 - - [05/Oct/2012:19:05:04 +0000] "GET / HTTP/1.1" 200 - "-" "Python-urllib/2.7"
72.21.217.66 - - [05/Oct/2012:19:05:51 +0000] "POST /_hostmanager/tasks HTTP/1.0" 404 - "-" "AWS ElasticBeanstalk Health Check/1.0"
galaxy.web.framework DEBUG 2012-10-05 19:06:10,497 Error: this request returned None from get_history(): http://127.0.0.1:8080/
127.0.0.1 - - [05/Oct/2012:19:06:10 +0000] "GET / HTTP/1.1" 200 - "-" "Python-urllib/2.7"
72.21.217.66 - - [05/Oct/2012:19:06:49 +0000] "POST /_hostmanager/tasks HTTP/1.0" 404 - "-" "AWS ElasticBeanstalk Health Check/1.0"
galaxy.web.framework DEBUG 2012-10-05 19:07:10,986 Error: this request returned None from get_history(): http://127.0.0.1:8080/
127.0.0.1 - - [05/Oct/2012:19:07:10 +0000] "GET / HTTP/1.1" 200 - "-" "Python-urllib/2.7"
galaxy.web.framework DEBUG 2012-10-05 19:07:21,428 Error: this request returned None from get_history(): http://127.0.0.1:8080/
127.0.0.1 - - [05/Oct/2012:19:07:21 +0000] "GET / HTTP/1.1" 200 - "-" "Python-urllib/2.7"
192.207.234.194 - - [05/Oct/2012:19:07:28 +0000] "GET /tool_runner?tool_id=Extract+genomic+DNA+1 HTTP/1.0" 200 - "http://ec2-184-73-28-95.compute-1.amazonaws.com/root/tool_menu" "Mozilla/5.0 (Macintosh; Intel Mac OS X 10_7_4) AppleWebKit/537.4 (KHTML, like Gecko) Chrome/22.0.1229.79 Safari/537.4"
192.207.234.194 - - [05/Oct/2012:19:07:29 +0000] "GET /tool_runner?tool_id=Extract+genomic+DNA+1 HTTP/1.0" 200 - "http://ec2-184-73-28-95.compute-1.amazonaws.com/root/tool_menu" "Mozilla/5.0 (Macintosh; Intel Mac OS X 10_7_4) AppleWebKit/537.4 (KHTML, like Gecko) Chrome/22.0.1229.79 Safari/537.4"
galaxy.web.framework DEBUG 2012-10-05 19:07:36,709 Error: this request returned None from get_history(): http://127.0.0.1:8080/
127.0.0.1 - - [05/Oct/2012:19:07:36 +0000] "GET / HTTP/1.1" 200 - "-" "Python-urllib/2.7"
galaxy.web.framework DEBUG 2012-10-05 19:07:48,127 Error: this request returned None from get_history(): http://127.0.0.1:8080/
127.0.0.1 - - [05/Oct/2012:19:07:48 +0000] "GET / HTTP/1.1" 200 - "-" "Python-urllib/2.7"
----------------------------------------
Exception happened during processing of request from ('127.0.0.1', 60062)
Traceback (most recent call last):
  File "/mnt/galaxyTools/galaxy-central/eggs/Paste-1.6-py2.7.egg/paste/httpserver.py", line 1053, in process_request_in_thread
    self.finish_request(request, client_address)
  File "/usr/lib/python2.7/SocketServer.py", line 323, in finish_request
    self.RequestHandlerClass(request, client_address, self)
  File "/usr/lib/python2.7/SocketServer.py", line 640, in __init__
    self.finish()
  File "/usr/lib/python2.7/SocketServer.py", line 693, in finish
    self.wfile.flush()
  File "/usr/lib/python2.7/socket.py", line 303, in flush
    self._sock.sendall(view[write_offset:write_offset+buffer_size])
error: [Errno 32] Broken pipe
----------------------------------------
galaxy.web.framework DEBUG 2012-10-05 19:07:59,128 Error: this request returned None from get_history(): http://127.0.0.1:8080/
127.0.0.1 - - [05/Oct/2012:19:07:59 +0000] "GET / HTTP/1.1" 200 - "-" "Python-urllib/2.7"
72.21.217.3 - - [05/Oct/2012:19:08:00 +0000] "POST /_hostmanager/tasks HTTP/1.0" 404 - "-" "AWS ElasticBeanstalk Health Check/1.0"
galaxy.web.framework DEBUG 2012-10-05 19:08:14,148 Error: this request returned None from get_history(): http://127.0.0.1:8080/
127.0.0.1 - - [05/Oct/2012:19:08:14 +0000] "GET / HTTP/1.1" 200 - "-" "Python-urllib/2.7"
galaxy.web.framework DEBUG 2012-10-05 19:08:24,829 Error: this request returned None from get_history(): http://127.0.0.1:8080/
127.0.0.1 - - [05/Oct/2012:19:08:24 +0000] "GET / HTTP/1.1" 200 - "-" "Python-urllib/2.7"
galaxy.web.framework DEBUG 2012-10-05 19:08:39,757 Error: this request returned None from get_history(): http://127.0.0.1:8080/
127.0.0.1 - - [05/Oct/2012:19:08:39 +0000] "GET / HTTP/1.1" 200 - "-" "Python-urllib/2.7"
galaxy.web.framework DEBUG 2012-10-05 19:08:54,714 Error: this request returned None from get_history(): http://127.0.0.1:8080/
127.0.0.1 - - [05/Oct/2012:19:08:54 +0000] "GET / HTTP/1.1" 200 - "-" "Python-urllib/2.7"
72.21.217.3 - - [05/Oct/2012:19:08:57 +0000] "POST /_hostmanager/tasks HTTP/1.0" 404 - "-" "AWS ElasticBeanstalk Health Check/1.0"
galaxy.web.framework DEBUG 2012-10-05 19:09:09,608 Error: this request returned None from get_history(): http://127.0.0.1:8080/
127.0.0.1 - - [05/Oct/2012:19:09:09 +0000] "GET / HTTP/1.1" 200 - "-" "Python-urllib/2.7"
galaxy.web.framework DEBUG 2012-10-05 19:09:24,172 Error: this request returned None from get_history(): http://127.0.0.1:8080/
127.0.0.1 - - [05/Oct/2012:19:09:24 +0000] "GET / HTTP/1.1" 200 - "-" "Python-urllib/2.7"
----------------------------------------
Exception happened during processing of request from ('127.0.0.1', 60090)
Traceback (most recent call last):
  File "/mnt/galaxyTools/galaxy-central/eggs/Paste-1.6-py2.7.egg/paste/httpserver.py", line 1053, in process_request_in_thread
    self.finish_request(request, client_address)
  File "/usr/lib/python2.7/SocketServer.py", line 323, in finish_request
    self.RequestHandlerClass(request, client_address, self)
  File "/usr/lib/python2.7/SocketServer.py", line 640, in __init__
    self.finish()
  File "/usr/lib/python2.7/SocketServer.py", line 693, in finish
    self.wfile.flush()
  File "/usr/lib/python2.7/socket.py", line 303, in flush
    self._sock.sendall(view[write_offset:write_offset+buffer_size])
error: [Errno 32] Broken pipe
----------------------------------------
galaxy.web.framework DEBUG 2012-10-05 19:09:38,062 Error: this request returned None from get_history(): http://127.0.0.1:8080/
127.0.0.1 - - [05/Oct/2012:19:09:38 +0000] "GET / HTTP/1.1" 200 - "-" "Python-urllib/2.7"
----------------------------------------
Exception happened during processing of request from ('127.0.0.1', 60094)
Traceback (most recent call last):
  File "/mnt/galaxyTools/galaxy-central/eggs/Paste-1.6-py2.7.egg/paste/httpserver.py", line 1053, in process_request_in_thread
    self.finish_request(request, client_address)
  File "/usr/lib/python2.7/SocketServer.py", line 323, in finish_request
    self.RequestHandlerClass(request, client_address, self)
  File "/usr/lib/python2.7/SocketServer.py", line 640, in __init__
    self.finish()
  File "/usr/lib/python2.7/SocketServer.py", line 693, in finish
    self.wfile.flush()
  File "/usr/lib/python2.7/socket.py", line 303, in flush
    self._sock.sendall(view[write_offset:write_offset+buffer_size])
error: [Errno 32] Broken pipe
----------------------------------------
galaxy.web.framework DEBUG 2012-10-05 19:09:52,956 Error: this request returned None from get_history(): http://127.0.0.1:8080/
127.0.0.1 - - [05/Oct/2012:19:09:52 +0000] "GET / HTTP/1.1" 200 - "-" "Python-urllib/2.7"
72.21.217.97 - - [05/Oct/2012:19:09:59 +0000] "POST /_hostmanager/tasks HTTP/1.0" 404 - "-" "AWS ElasticBeanstalk Health Check/1.0"
galaxy.web.framework DEBUG 2012-10-05 19:10:08,170 Error: this request returned None from get_history(): http://127.0.0.1:8080/
127.0.0.1 - - [05/Oct/2012:19:10:08 +0000] "GET / HTTP/1.1" 200 - "-" "Python-urllib/2.7"
galaxy.web.framework DEBUG 2012-10-05 19:10:18,310 Error: this request returned None from get_history(): http://127.0.0.1:8080/
127.0.0.1 - - [05/Oct/2012:19:10:18 +0000] "GET / HTTP/1.1" 200 - "-" "Python-urllib/2.7"
----------------------------------------
Exception happened during processing of request from ('127.0.0.1', 60106)
Traceback (most recent call last):
  File "/mnt/galaxyTools/galaxy-central/eggs/Paste-1.6-py2.7.egg/paste/httpserver.py", line 1053, in process_request_in_thread
    self.finish_request(request, client_address)
  File "/usr/lib/python2.7/SocketServer.py", line 323, in finish_request
    self.RequestHandlerClass(request, client_address, self)
  File "/usr/lib/python2.7/SocketServer.py", line 640, in __init__
    self.finish()
  File "/usr/lib/python2.7/SocketServer.py", line 693, in finish
    self.wfile.flush()
  File "/usr/lib/python2.7/socket.py", line 303, in flush
    self._sock.sendall(view[write_offset:write_offset+buffer_size])
error: [Errno 32] Broken pipe
----------------------------------------
galaxy.web.framework DEBUG 2012-10-05 19:10:33,570 Error: this request returned None from get_history(): http://127.0.0.1:8080/
127.0.0.1 - - [05/Oct/2012:19:10:33 +0000] "GET / HTTP/1.1" 200 - "-" "Python-urllib/2.7"
galaxy.web.framework DEBUG 2012-10-05 19:10:44,298 Error: this request returned None from get_history(): http://127.0.0.1:8080/
127.0.0.1 - - [05/Oct/2012:19:10:44 +0000] "GET / HTTP/1.1" 200 - "-" "Python-urllib/2.7"
----------------------------------------
Exception happened during processing of request from ('127.0.0.1', 60113)
Traceback (most recent call last):
  File "/mnt/galaxyTools/galaxy-central/eggs/Paste-1.6-py2.7.egg/paste/httpserver.py", line 1053, in process_request_in_thread
    self.finish_request(request, client_address)
  File "/usr/lib/python2.7/SocketServer.py", line 323, in finish_request
    self.RequestHandlerClass(request, client_address, self)
  File "/usr/lib/python2.7/SocketServer.py", line 640, in __init__
    self.finish()
  File "/usr/lib/python2.7/SocketServer.py", line 693, in finish
    self.wfile.flush()
  File "/usr/lib/python2.7/socket.py", line 303, in flush
    self._sock.sendall(view[write_offset:write_offset+buffer_size])
error: [Errno 32] Broken pipe
----------------------------------------
galaxy.web.framework DEBUG 2012-10-05 19:10:58,613 Error: this request returned None from get_history(): http://127.0.0.1:8080/
127.0.0.1 - - [05/Oct/2012:19:10:58 +0000] "GET / HTTP/1.1" 200 - "-" "Python-urllib/2.7"
----------------------------------------
Exception happened during processing of request from ('127.0.0.1', 60117)
Traceback (most recent call last):
  File "/mnt/galaxyTools/galaxy-central/eggs/Paste-1.6-py2.7.egg/paste/httpserver.py", line 1053, in process_request_in_thread
    self.finish_request(request, client_address)
  File "/usr/lib/python2.7/SocketServer.py", line 323, in finish_request
    self.RequestHandlerClass(request, client_address, self)
  File "/usr/lib/python2.7/SocketServer.py", line 640, in __init__
    self.finish()
  File "/usr/lib/python2.7/SocketServer.py", line 693, in finish
    self.wfile.flush()
  File "/usr/lib/python2.7/socket.py", line 303, in flush
    self._sock.sendall(view[write_offset:write_offset+buffer_size])
error: [Errno 32] Broken pipe
----------------------------------------
72.21.217.1 - - [05/Oct/2012:19:11:05 +0000] "POST /_hostmanager/tasks HTTP/1.0" 404 - "-" "AWS ElasticBeanstalk Health Check/1.0"
galaxy.web.framework DEBUG 2012-10-05 19:11:13,121 Error: this request returned None from get_history(): http://127.0.0.1:8080/
127.0.0.1 - - [05/Oct/2012:19:11:13 +0000] "GET / HTTP/1.1" 200 - "-" "Python-urllib/2.7"
----------------------------------------
Exception happened during processing of request from ('127.0.0.1', 60121)
Traceback (most recent call last):
  File "/mnt/galaxyTools/galaxy-central/eggs/Paste-1.6-py2.7.egg/paste/httpserver.py", line 1053, in process_request_in_thread
    self.finish_request(request, client_address)
  File "/usr/lib/python2.7/SocketServer.py", line 323, in finish_request
    self.RequestHandlerClass(request, client_address, self)
  File "/usr/lib/python2.7/SocketServer.py", line 640, in __init__
    self.finish()
  File "/usr/lib/python2.7/SocketServer.py", line 693, in finish
    self.wfile.flush()
  File "/usr/lib/python2.7/socket.py", line 303, in flush
    self._sock.sendall(view[write_offset:write_offset+buffer_size])
error: [Errno 32] Broken pipe
----------------------------------------
galaxy.web.framework DEBUG 2012-10-05 19:11:28,433 Error: this request returned None from get_history(): http://127.0.0.1:8080/
127.0.0.1 - - [05/Oct/2012:19:11:28 +0000] "GET / HTTP/1.1" 200 - "-" "Python-urllib/2.7"
galaxy.web.framework DEBUG 2012-10-05 19:11:38,728 Error: this request returned None from get_history(): http://127.0.0.1:8080/
127.0.0.1 - - [05/Oct/2012:19:11:38 +0000] "GET / HTTP/1.1" 200 - "-" "Python-urllib/2.7"
galaxy.web.framework DEBUG 2012-10-05 19:11:53,093 Error: this request returned None from get_history(): http://127.0.0.1:8080/
127.0.0.1 - - [05/Oct/2012:19:11:53 +0000] "GET / HTTP/1.1" 200 - "-" "Python-urllib/2.7"
galaxy.web.framework DEBUG 2012-10-05 19:12:08,282 Error: this request returned None from get_history(): http://127.0.0.1:8080/
127.0.0.1 - - [05/Oct/2012:19:12:08 +0000] "GET / HTTP/1.1" 200 - "-" "Python-urllib/2.7"
72.21.217.65 - - [05/Oct/2012:19:12:14 +0000] "POST /_hostmanager/tasks HTTP/1.0" 404 - "-" "AWS ElasticBeanstalk Health Check/1.0"
galaxy.web.framework DEBUG 2012-10-05 19:12:39,428 Error: this request returned None from get_history(): http://127.0.0.1:8080/
127.0.0.1 - - [05/Oct/2012:19:12:39 +0000] "GET / HTTP/1.1" 200 - "-" "Python-urllib/2.7"
galaxy.web.framework DEBUG 2012-10-05 19:13:10,574 Error: this request returned None from get_history(): http://127.0.0.1:8080/
127.0.0.1 - - [05/Oct/2012:19:13:10 +0000] "GET / HTTP/1.1" 200 - "-" "Python-urllib/2.7"
72.21.217.96 - - [05/Oct/2012:19:13:14 +0000] "POST /_hostmanager/tasks HTTP/1.0" 404 - "-" "AWS ElasticBeanstalk Health Check/1.0"
galaxy.web.framework DEBUG 2012-10-05 19:13:41,477 Error: this request returned None from get_history(): http://127.0.0.1:8080/
127.0.0.1 - - [05/Oct/2012:19:13:41 +0000] "GET / HTTP/1.1" 200 - "-" "Python-urllib/2.7"
----------------------------------------
Exception happened during processing of request from ('127.0.0.1', 60156)
Traceback (most recent call last):
  File "/mnt/galaxyTools/galaxy-central/eggs/Paste-1.6-py2.7.egg/paste/httpserver.py", line 1053, in process_request_in_thread
    self.finish_request(request, client_address)
  File "/usr/lib/python2.7/SocketServer.py", line 323, in finish_request
    self.RequestHandlerClass(request, client_address, self)
  File "/usr/lib/python2.7/SocketServer.py", line 640, in __init__
    self.finish()
  File "/usr/lib/python2.7/SocketServer.py", line 693, in finish
    self.wfile.flush()
  File "/usr/lib/python2.7/socket.py", line 303, in flush
    self._sock.sendall(view[write_offset:write_offset+buffer_size])
error: [Errno 32] Broken pipe
----------------------------------------
galaxy.web.framework DEBUG 2012-10-05 19:14:16,356 Error: this request returned None from get_history(): http://127.0.0.1:8080/
127.0.0.1 - - [05/Oct/2012:19:14:16 +0000] "GET / HTTP/1.1" 200 - "-" "Python-urllib/2.7"
72.21.217.2 - - [05/Oct/2012:19:14:18 +0000] "POST /_hostmanager/tasks HTTP/1.0" 404 - "-" "AWS ElasticBeanstalk Health Check/1.0"
galaxy.web.framework DEBUG 2012-10-05 19:14:50,688 Error: this request returned None from get_history(): http://127.0.0.1:8080/
127.0.0.1 - - [05/Oct/2012:19:14:50 +0000] "GET / HTTP/1.1" 200 - "-" "Python-urllib/2.7"
----------------------------------------
Exception happened during processing of request from ('127.0.0.1', 60170)
Traceback (most recent call last):
  File "/mnt/galaxyTools/galaxy-central/eggs/Paste-1.6-py2.7.egg/paste/httpserver.py", line 1053, in process_request_in_thread
    self.finish_request(request, client_address)
  File "/usr/lib/python2.7/SocketServer.py", line 323, in finish_request
    self.RequestHandlerClass(request, client_address, self)
  File "/usr/lib/python2.7/SocketServer.py", line 640, in __init__
    self.finish()
  File "/usr/lib/python2.7/SocketServer.py", line 693, in finish
    self.wfile.flush()
  File "/usr/lib/python2.7/socket.py", line 303, in flush
    self._sock.sendall(view[write_offset:write_offset+buffer_size])
error: [Errno 32] Broken pipe
----------------------------------------
72.21.217.98 - - [05/Oct/2012:19:15:22 +0000] "POST /_hostmanager/tasks HTTP/1.0" 404 - "-" "AWS ElasticBeanstalk Health Check/1.0"
galaxy.web.framework DEBUG 2012-10-05 19:15:26,174 Error: this request returned None from get_history(): http://127.0.0.1:8080/
127.0.0.1 - - [05/Oct/2012:19:15:26 +0000] "GET / HTTP/1.1" 200 - "-" "Python-urllib/2.7"
galaxy.web.framework DEBUG 2012-10-05 19:15:57,151 Error: this request returned None from get_history(): http://127.0.0.1:8080/
127.0.0.1 - - [05/Oct/2012:19:15:57 +0000] "GET / HTTP/1.1" 200 - "-" "Python-urllib/2.7"
72.21.217.97 - - [05/Oct/2012:19:16:30 +0000] "POST /_hostmanager/tasks HTTP/1.0" 404 - "-" "AWS ElasticBeanstalk Health Check/1.0"
galaxy.web.framework DEBUG 2012-10-05 19:16:32,432 Error: this request returned None from get_history(): http://127.0.0.1:8080/
127.0.0.1 - - [05/Oct/2012:19:16:32 +0000] "GET / HTTP/1.1" 200 - "-" "Python-urllib/2.7"
galaxy.web.framework DEBUG 2012-10-05 19:17:03,597 Error: this request returned None from get_history(): http://127.0.0.1:8080/
127.0.0.1 - - [05/Oct/2012:19:17:03 +0000] "GET / HTTP/1.1" 200 - "-" "Python-urllib/2.7"
72.21.217.96 - - [05/Oct/2012:19:17:32 +0000] "POST /_hostmanager/tasks HTTP/1.0" 404 - "-" "AWS ElasticBeanstalk Health Check/1.0"
galaxy.web.framework DEBUG 2012-10-05 19:18:07,094 Error: this request returned None from get_history(): http://127.0.0.1:8080/
127.0.0.1 - - [05/Oct/2012:19:18:07 +0000] "GET / HTTP/1.1" 200 - "-" "Python-urllib/2.7"
72.21.217.64 - - [05/Oct/2012:19:18:34 +0000] "POST /_hostmanager/tasks HTTP/1.0" 404 - "-" "AWS ElasticBeanstalk Health Check/1.0"
galaxy.web.framework DEBUG 2012-10-05 19:19:10,254 Error: this request returned None from get_history(): http://127.0.0.1:8080/
127.0.0.1 - - [05/Oct/2012:19:19:10 +0000] "GET / HTTP/1.1" 200 - "-" "Python-urllib/2.7"
72.21.217.1 - - [05/Oct/2012:19:19:35 +0000] "POST /_hostmanager/tasks HTTP/1.0" 404 - "-" "AWS ElasticBeanstalk Health Check/1.0"
galaxy.web.framework DEBUG 2012-10-05 19:20:12,894 Error: this request returned None from get_history(): http://127.0.0.1:8080/
127.0.0.1 - - [05/Oct/2012:19:20:12 +0000] "GET / HTTP/1.1" 200 - "-" "Python-urllib/2.7"
72.21.217.98 - - [05/Oct/2012:19:20:46 +0000] "POST /_hostmanager/tasks HTTP/1.0" 404 - "-" "AWS ElasticBeanstalk Health Check/1.0"
galaxy.web.framework DEBUG 2012-10-05 19:21:14,897 Error: this request returned None from get_history(): http://127.0.0.1:8080/
127.0.0.1 - - [05/Oct/2012:19:21:14 +0000] "GET / HTTP/1.1" 200 - "-" "Python-urllib/2.7"
----------------------------------------
Exception happened during processing of request from ('127.0.0.1', 60399)
Traceback (most recent call last):
  File "/mnt/galaxyTools/galaxy-central/eggs/Paste-1.6-py2.7.egg/paste/httpserver.py", line 1053, in process_request_in_thread
    self.finish_request(request, client_address)
  File "/usr/lib/python2.7/SocketServer.py", line 323, in finish_request
    self.RequestHandlerClass(request, client_address, self)
  File "/usr/lib/python2.7/SocketServer.py", line 640, in __init__
    self.finish()
  File "/usr/lib/python2.7/SocketServer.py", line 693, in finish
    self.wfile.flush()
  File "/usr/lib/python2.7/socket.py", line 303, in flush
    self._sock.sendall(view[write_offset:write_offset+buffer_size])
error: [Errno 32] Broken pipe
----------------------------------------
72.21.217.98 - - [05/Oct/2012:19:21:44 +0000] "POST /_hostmanager/tasks HTTP/1.0" 404 - "-" "AWS ElasticBeanstalk Health Check/1.0"
galaxy.web.framework DEBUG 2012-10-05 19:22:17,482 Error: this request returned None from get_history(): http://127.0.0.1:8080/
127.0.0.1 - - [05/Oct/2012:19:22:17 +0000] "GET / HTTP/1.1" 200 - "-" "Python-urllib/2.7"
72.21.217.65 - - [05/Oct/2012:19:22:47 +0000] "POST /_hostmanager/tasks HTTP/1.0" 404 - "-" "AWS ElasticBeanstalk Health Check/1.0"
galaxy.web.framework DEBUG 2012-10-05 19:23:20,238 Error: this request returned None from get_history(): http://127.0.0.1:8080/
127.0.0.1 - - [05/Oct/2012:19:23:20 +0000] "GET / HTTP/1.1" 200 - "-" "Python-urllib/2.7"
72.21.217.65 - - [05/Oct/2012:19:23:51 +0000] "POST /_hostmanager/tasks HTTP/1.0" 404 - "-" "AWS ElasticBeanstalk Health Check/1.0"
galaxy.web.framework DEBUG 2012-10-05 19:24:23,550 Error: this request returned None from get_history(): http://127.0.0.1:8080/
127.0.0.1 - - [05/Oct/2012:19:24:23 +0000] "GET / HTTP/1.1" 200 - "-" "Python-urllib/2.7"
72.21.217.96 - - [05/Oct/2012:19:24:54 +0000] "POST /_hostmanager/tasks HTTP/1.0" 404 - "-" "AWS ElasticBeanstalk Health Check/1.0"
galaxy.web.framework DEBUG 2012-10-05 19:25:27,162 Error: this request returned None from get_history(): http://127.0.0.1:8080/
127.0.0.1 - - [05/Oct/2012:19:25:27 +0000] "GET / HTTP/1.1" 200 - "-" "Python-urllib/2.7"
----------------------------------------
Exception happened during processing of request from ('127.0.0.1', 60604)
Traceback (most recent call last):
  File "/mnt/galaxyTools/galaxy-central/eggs/Paste-1.6-py2.7.egg/paste/httpserver.py", line 1053, in process_request_in_thread
    self.finish_request(request, client_address)
  File "/usr/lib/python2.7/SocketServer.py", line 323, in finish_request
    self.RequestHandlerClass(request, client_address, self)
  File "/usr/lib/python2.7/SocketServer.py", line 640, in __init__
    self.finish()
